15:35:10 [INFO] ==================================================
15:35:10 [INFO]  WeFlow 微信桥接 (OneBot v11)
15:35:10 [INFO] ==================================================
15:35:10 [INFO] Bridge 版本: 2026-06-03 OB11
15:35:10 [INFO] 使用 UIA 发送消息（微信 4.0+）
15:35:10 [INFO] Could not import comtypes.gen, trying to create it.
15:35:10 [INFO] Created comtypes.gen directory: 'D:\anacondaDeep1\envs\lianxin\Lib\site-packages\comtypes\gen'
15:35:10 [INFO] Writing __init__.py file: 'D:\anacondaDeep1\envs\lianxin\Lib\site-packages\comtypes\gen\__init__.py'
15:35:10 [INFO] Using writeable comtypes cache directory: 'D:\anacondaDeep1\envs\lianxin\Lib\site-packages\comtypes\gen'
15:35:10 [INFO] 正在搜索微信窗口...
15:35:10 [INFO] Could not import comtypes.gen._944DE083_8FB8_45CF_BCB7_C477ACB2F897_0_1_0: No module named 'comtypes.gen._944DE083_8FB8_45CF_BCB7_C477ACB2F897_0_1_0'
15:35:10 [INFO] # Generating comtypes.gen._944DE083_8FB8_45CF_BCB7_C477ACB2F897_0_1_0
15:35:10 [INFO] # Generating comtypes.gen.UIAutomationClient
15:35:11 [INFO] Could not import comtypes.gen._00020430_0000_0000_C000_000000000046_0_2_0: No module named 'comtypes.gen._00020430_0000_0000_C000_000000000046_0_2_0'
15:35:11 [INFO] # Generating comtypes.gen._00020430_0000_0000_C000_000000000046_0_2_0
15:35:11 [INFO] # Generating comtypes.gen.stdole
15:35:12 [INFO] 微信窗口: '微信' ClassName=Qt51514QWindowIcon
15:35:12 [INFO] [Web] 已启动
15:35:12 [INFO] Bridge | WeFlow: http://127.0.0.1:5031 | OB11: ws://127.0.0.1:6199/ws | 发送: uia
15:35:12 [INFO] [OB11] 正在连接 AstrBot: ws://127.0.0.1:6199/ws
15:35:12 [INFO] Web: http://127.0.0.1:8766
15:35:12 [INFO] 连接 WeFlow 推送服务: http://127.0.0.1:5031/api/v1/push/messages?access_token=4415c2d8eaccefbaf60fe596edbf8d8d
15:35:12 [INFO] ✅ 已连接到 WeFlow 推送
15:35:13 [INFO] [OB11] ✅ 已连接到 AstrBot
15:43:51 [INFO] ==================================================
15:43:51 [INFO]  WeFlow 微信桥接 (OneBot v11)
15:43:51 [INFO] ==================================================
15:43:51 [INFO] Bridge 版本: 2026-06-03 OB11
15:43:51 [INFO] 使用 UIA 发送消息（微信 4.0+）
15:43:51 [INFO] Imported existing <module 'comtypes.gen' from 'D:\\anacondaDeep1\\envs\\lianxin\\Lib\\site-packages\\comtypes\\gen\\__init__.py'>
15:43:51 [INFO] Using writeable comtypes cache directory: 'D:\anacondaDeep1\envs\lianxin\Lib\site-packages\comtypes\gen'
15:43:51 [INFO] 正在搜索微信窗口...
15:43:51 [INFO] [Web] 已启动
15:43:51 [INFO] Bridge | WeFlow: http://127.0.0.1:5031 | OB11: ws://127.0.0.1:6199/ws | 发送: uia
15:43:51 [INFO] [OB11] 正在连接 AstrBot: ws://127.0.0.1:6199/ws
15:43:51 [INFO] Web: http://127.0.0.1:8766
15:43:51 [INFO] 连接 WeFlow 推送服务: http://127.0.0.1:5031/api/v1/push/messages?access_token=4415c2d8eaccefbaf60fe596edbf8d8d
15:43:51 [INFO] ✅ 已连接到 WeFlow 推送
15:43:51 [INFO] [OB11] ✅ 已连接到 AstrBot
15:48:25 [WARNING] ⚠️ SSE 断开，10s 后重连
15:48:35 [INFO] 连接 WeFlow 推送服务: http://127.0.0.1:5031/api/v1/push/messages?access_token=4415c2d8eaccefbaf60fe596edbf8d8d
15:48:35 [INFO] ✅ 已连接到 WeFlow 推送
16:07:58 [ERROR] SSE 异常: ("Connection broken: ConnectionResetError(10054, '远程主机强迫关闭了一个现有的连接。', None, 10054, None)", ConnectionResetError(10054, '远程主机强迫关闭了一个现有的连接。', None, 10054, None))
16:07:58 [WARNING] ⚠️ SSE 断开，10s 后重连
16:08:08 [INFO] 连接 WeFlow 推送服务: http://127.0.0.1:5031/api/v1/push/messages?access_token=4415c2d8eaccefbaf60fe596edbf8d8d
16:08:10 [ERROR] 无法连接 WeFlow
16:08:10 [WARNING] ⚠️ SSE 断开，10s 后重连
16:08:20 [INFO] 连接 WeFlow 推送服务: http://127.0.0.1:5031/api/v1/push/messages?access_token=4415c2d8eaccefbaf60fe596edbf8d8d
16:08:22 [ERROR] 无法连接 WeFlow
16:08:22 [WARNING] ⚠️ SSE 断开，10s 后重连
16:08:32 [INFO] 连接 WeFlow 推送服务: http://127.0.0.1:5031/api/v1/push/messages?access_token=4415c2d8eaccefbaf60fe596edbf8d8d
16:08:35 [ERROR] 无法连接 WeFlow
16:08:35 [WARNING] ⚠️ SSE 断开，10s 后重连
16:08:45 [INFO] 连接 WeFlow 推送服务: http://127.0.0.1:5031/api/v1/push/messages?access_token=4415c2d8eaccefbaf60fe596edbf8d8d
16:08:47 [ERROR] 无法连接 WeFlow
16:08:47 [WARNING] ⚠️ SSE 断开，10s 后重连
16:08:57 [INFO] 连接 WeFlow 推送服务: http://127.0.0.1:5031/api/v1/push/messages?access_token=4415c2d8eaccefbaf60fe596edbf8d8d
16:08:59 [ERROR] 无法连接 WeFlow
16:08:59 [WARNING] ⚠️ SSE 断开，10s 后重连
16:09:09 [INFO] 连接 WeFlow 推送服务: http://127.0.0.1:5031/api/v1/push/messages?access_token=4415c2d8eaccefbaf60fe596edbf8d8d
16:09:11 [ERROR] 无法连接 WeFlow
16:09:11 [WARNING] ⚠️ SSE 断开，10s 后重连
16:09:21 [INFO] 连接 WeFlow 推送服务: http://127.0.0.1:5031/api/v1/push/messages?access_token=4415c2d8eaccefbaf60fe596edbf8d8d
16:09:23 [ERROR] 无法连接 WeFlow
16:09:23 [WARNING] ⚠️ SSE 断开，10s 后重连
16:09:33 [INFO] 连接 WeFlow 推送服务: http://127.0.0.1:5031/api/v1/push/messages?access_token=4415c2d8eaccefbaf60fe596edbf8d8d
16:09:33 [INFO] ✅ 已连接到 WeFlow 推送
16:10:54 [INFO] ==================================================
16:10:54 [INFO]  WeFlow 微信桥接 (OneBot v11)
16:10:54 [INFO] ==================================================
16:10:54 [INFO] Bridge 版本: 2026-06-03 OB11
16:10:54 [INFO] 使用 UIA 发送消息（微信 4.0+）
16:10:54 [INFO] Imported existing <module 'comtypes.gen' from 'D:\\anacondaDeep1\\envs\\lianxin\\Lib\\site-packages\\comtypes\\gen\\__init__.py'>
16:10:54 [INFO] Using writeable comtypes cache directory: 'D:\anacondaDeep1\envs\lianxin\Lib\site-packages\comtypes\gen'
16:10:54 [INFO] 正在搜索微信窗口...
16:10:54 [INFO] 微信窗口: '微信' ClassName=Qt51514QWindowIcon
16:10:54 [INFO] [Web] 已启动
16:10:54 [INFO] Bridge | WeFlow: http://127.0.0.1:5031 | OB11: ws://127.0.0.1:6199/ws | 发送: uia
16:10:54 [INFO] [OB11] 正在连接 AstrBot: ws://127.0.0.1:6199/ws
16:10:54 [INFO] Web: http://127.0.0.1:8766
16:10:54 [INFO] 连接 WeFlow 推送服务: http://127.0.0.1:5031/api/v1/push/messages?access_token=4415c2d8eaccefbaf60fe596edbf8d8d
16:10:54 [INFO] ✅ 已连接到 WeFlow 推送
16:10:54 [INFO] [OB11] ✅ 已连接到 AstrBot
16:30:59 [INFO] ==================================================
16:30:59 [INFO]  WeFlow 微信桥接 (OneBot v11)
16:30:59 [INFO] ==================================================
16:30:59 [INFO] Bridge 版本: 2026-06-03 OB11
16:30:59 [INFO] 使用 UIA 发送消息（微信 4.0+）
16:30:59 [INFO] Imported existing <module 'comtypes.gen' from 'D:\\anacondaDeep1\\envs\\lianxin\\Lib\\site-packages\\comtypes\\gen\\__init__.py'>
16:30:59 [INFO] Using writeable comtypes cache directory: 'D:\anacondaDeep1\envs\lianxin\Lib\site-packages\comtypes\gen'
16:30:59 [INFO] 正在搜索微信窗口...
16:30:59 [INFO] 微信窗口: '微信' ClassName=Qt51514QWindowIcon
16:30:59 [INFO] [Web] 已启动
16:30:59 [INFO] Bridge | WeFlow: http://127.0.0.1:5031 | OB11: ws://127.0.0.1:6199/ws | 发送: uia
16:30:59 [INFO] [OB11] 正在连接 AstrBot: ws://127.0.0.1:6199/ws
16:30:59 [INFO] Web: http://127.0.0.1:8766
16:30:59 [ERROR] ❌ Access Token 无效
16:30:59 [INFO] [OB11] ✅ 已连接到 AstrBot
16:31:45 [INFO] ==================================================
16:31:45 [INFO]  WeFlow 微信桥接 (OneBot v11)
16:31:45 [INFO] ==================================================
16:31:45 [INFO] Bridge 版本: 2026-06-03 OB11
16:31:45 [INFO] 使用 UIA 发送消息（微信 4.0+）
16:31:45 [INFO] Imported existing <module 'comtypes.gen' from 'D:\\anacondaDeep1\\envs\\lianxin\\Lib\\site-packages\\comtypes\\gen\\__init__.py'>
16:31:45 [INFO] Using writeable comtypes cache directory: 'D:\anacondaDeep1\envs\lianxin\Lib\site-packages\comtypes\gen'
16:31:45 [INFO] 正在搜索微信窗口...
16:31:45 [INFO] 微信窗口: '微信' ClassName=Qt51514QWindowIcon
16:31:45 [INFO] [Web] 已启动
16:31:45 [INFO] Bridge | WeFlow: http://127.0.0.1:5031 | OB11: ws://127.0.0.1:6199/ws | 发送: uia
16:31:45 [INFO] [OB11] 正在连接 AstrBot: ws://127.0.0.1:6199/ws
16:31:45 [INFO] Web: http://127.0.0.1:8766
16:31:45 [INFO] 连接 WeFlow 推送服务: http://127.0.0.1:5031/api/v1/push/messages?access_token=6541274cc917e91dee7a137ba8175572
16:31:45 [INFO] ✅ 已连接到 WeFlow 推送
16:31:45 [INFO] [OB11] ✅ 已连接到 AstrBot
16:35:09 [INFO] 📩 收到: 雨心 → 你好
16:35:09 [INFO] 📩 收到来自 雨心 的消息，等待 5s 后统一推送
16:35:14 [INFO] 推送 1 条消息 [私|雨心]
16:35:14 [INFO] ✅ 已推送至 True 个 AstrBot 客户端 [雨心]
16:35:24 [INFO] [OB11] API: send_private_msg echo={'seq': 1}
16:35:24 [INFO] [OB11] 已回响应: send_private_msg
16:35:28 [INFO] 已切到联系人: 雨心
16:35:28 [WARNING] 未找到输入控件，使用坐标后备方案（Qt 界面）
16:35:29 [INFO] [UIA✓] 雨心: 哟，博士上线了！(｀・ω・´) 下午好呀，这会儿是摸鱼时间还是正经加班时间？... (无鼠标模式)
16:35:29 [INFO] [OB11] 文字已发送至 雨心: 哟，博士上线了！(｀・ω・´) 下午好呀，这会儿是摸鱼时间还是正经加班时间？
16:39:13 [INFO] ==================================================
16:39:13 [INFO]  WeFlow 微信桥接 (OneBot v11)
16:39:13 [INFO] ==================================================
16:39:13 [INFO] Bridge 版本: 2026-06-03 OB11
16:39:13 [INFO] 使用 UIA 发送消息（微信 4.0+）
16:39:13 [INFO] Imported existing <module 'comtypes.gen' from 'D:\\anacondaDeep1\\envs\\lianxin\\Lib\\site-packages\\comtypes\\gen\\__init__.py'>
16:39:13 [INFO] Using writeable comtypes cache directory: 'D:\anacondaDeep1\envs\lianxin\Lib\site-packages\comtypes\gen'
16:39:13 [INFO] 正在搜索微信窗口...
16:39:13 [INFO] 微信窗口: '微信' ClassName=Qt51514QWindowIcon
16:39:13 [INFO] [Web] 已启动
16:39:13 [INFO] Bridge | WeFlow: http://127.0.0.1:5031 | OB11: ws://127.0.0.1:6199/ws | 发送: uia
16:39:13 [INFO] [OB11] 正在连接 AstrBot: ws://127.0.0.1:6199/ws
16:39:13 [INFO] Web: http://127.0.0.1:8766
16:39:13 [INFO] 连接 WeFlow 推送服务: http://127.0.0.1:5031/api/v1/push/messages?access_token=6541274cc917e91dee7a137ba8175572
16:39:13 [INFO] ✅ 已连接到 WeFlow 推送
16:39:13 [INFO] [OB11] ✅ 已连接到 AstrBot
17:01:36 [INFO] 📩 收到: 雨心 → 莲心？
17:01:36 [INFO] 📩 收到来自 雨心 的消息，等待 5s 后统一推送
17:01:41 [INFO] 推送 1 条消息 [私|雨心]
17:01:41 [INFO] ✅ 已推送至 True 个 AstrBot 客户端 [雨心]
17:01:52 [INFO] [OB11] API: send_private_msg echo={'seq': 2}
17:01:52 [INFO] [OB11] 已回响应: send_private_msg
17:01:52 [ERROR] Task exception was never retrieved
future: <Task finished name='Task-5' coro=<_handle_ob_api() done, defined at E:\Desktop\莲心AI\AstrBot\Akasha-WeChat-main\wechat-weflow-bridge-ob11-public\ob_protocol.py:27> exception=COMError(-2147024891, '拒绝访问。', (None, None, None, 0, None))>
Traceback (most recent call last):
  File "E:\Desktop\莲心AI\AstrBot\Akasha-WeChat-main\wechat-weflow-bridge-ob11-public\ob_protocol.py", line 72, in _handle_ob_api
    await asyncio.to_thread(state.sender_instance.send_text, contact, text)
  File "D:\anacondaDeep1\envs\lianxin\Lib\asyncio\threads.py", line 25, in to_thread
    return await loop.run_in_executor(None, func_call)
           ^^^^^^^^^^^^^^^^^^^^^^^^^^^^^^^^^^^^^^^^^^^
  File "D:\anacondaDeep1\envs\lianxin\Lib\concurrent\futures\thread.py", line 59, in run
    result = self.fn(*self.args, **self.kwargs)
             ^^^^^^^^^^^^^^^^^^^^^^^^^^^^^^^^^^
  File "E:\Desktop\莲心AI\AstrBot\Akasha-WeChat-main\wechat-weflow-bridge-ob11-public\uia_sender.py", line 456, in send_text
    if not self._ensure_window():
           ^^^^^^^^^^^^^^^^^^^^^
  File "E:\Desktop\莲心AI\AstrBot\Akasha-WeChat-main\wechat-weflow-bridge-ob11-public\uia_sender.py", line 121, in _ensure_window
    if self._window and self._window.Exists(0.2):
                        ^^^^^^^^^^^^^^^^^^^^^^^^
  File "D:\anacondaDeep1\envs\lianxin\Lib\site-packages\uiautomation\uiautomation.py", line 7109, in Exists
    if _AutomationClient.instance().IUIAutomation.CompareElements(self._element, rootElement):
       ^^^^^^^^^^^^^^^^^^^^^^^^^^^^^^^^^^^^^^^^^^^^^^^^^^^^^^^^^^^^^^^^^^^^^^^^^^^^^^^^^^^^^^
_ctypes.COMError: (-2147024891, '拒绝访问。', (None, None, None, 0, None))
17:03:52 [INFO] ==================================================
17:03:52 [INFO]  WeFlow 微信桥接 (OneBot v11)
17:03:52 [INFO] ==================================================
17:03:52 [INFO] Bridge 版本: 2026-06-03 OB11
17:03:52 [INFO] 使用 UIA 发送消息（微信 4.0+）
17:03:52 [INFO] Imported existing <module 'comtypes.gen' from 'D:\\anacondaDeep1\\envs\\lianxin\\Lib\\site-packages\\comtypes\\gen\\__init__.py'>
17:03:52 [INFO] Using writeable comtypes cache directory: 'D:\anacondaDeep1\envs\lianxin\Lib\site-packages\comtypes\gen'
17:03:52 [INFO] 正在搜索微信窗口...
17:03:52 [INFO] 微信窗口: '微信' ClassName=Qt51514QWindowIcon
17:03:52 [INFO] [Web] 已启动
17:03:52 [INFO] Bridge | WeFlow: http://127.0.0.1:5031 | OB11: ws://127.0.0.1:6199/ws | 发送: uia
17:03:52 [INFO] [OB11] 正在连接 AstrBot: ws://127.0.0.1:6199/ws
17:03:52 [INFO] Web: http://127.0.0.1:8766
17:03:52 [INFO] 连接 WeFlow 推送服务: http://127.0.0.1:5031/api/v1/push/messages?access_token=6541274cc917e91dee7a137ba8175572
17:03:52 [INFO] ✅ 已连接到 WeFlow 推送
17:03:52 [INFO] [OB11] ✅ 已连接到 AstrBot
17:04:03 [INFO] 📩 收到: 雨心 → 莲心在吗
17:04:03 [INFO] 📩 收到来自 雨心 的消息，等待 5s 后统一推送
17:04:08 [INFO] 推送 1 条消息 [私|雨心]
17:04:08 [INFO] ✅ 已推送至 True 个 AstrBot 客户端 [雨心]
17:04:22 [INFO] [OB11] API: send_private_msg echo={'seq': 3}
17:04:22 [INFO] [OB11] 已回响应: send_private_msg
17:04:26 [INFO] 已切到联系人: 雨心
17:04:26 [WARNING] 未找到输入控件，使用坐标后备方案（Qt 界面）
17:04:28 [INFO] [UIA✓] 雨心: 在的在的，今天第四次回应你的呼唤了 (｀・ω・´)
博士你今天咋这么黏人，是不是下午犯困想找人唠嗑了... (无鼠标模式)
17:04:28 [INFO] [OB11] 文字已发送至 雨心: 在的在的，今天第四次回应你的呼唤了 (｀・ω・´)
博士你今天咋这么黏人，是不是下午犯困想找人唠嗑了
17:07:10 [INFO] ==================================================
17:07:10 [INFO]  WeFlow 微信桥接 (OneBot v11)
17:07:10 [INFO] ==================================================
17:07:10 [INFO] Bridge 版本: 2026-06-03 OB11
17:07:10 [INFO] 使用 WeFlow API 发送消息
17:07:10 [INFO] [Web] 已启动
17:07:10 [INFO] [OB11] 正在连接 AstrBot: ws://127.0.0.1:6199/ws
17:07:10 [INFO] Web: http://127.0.0.1:8766
17:07:10 [INFO] Bridge | WeFlow: http://127.0.0.1:5031 | OB11: ws://127.0.0.1:6199/ws | 发送: weflow_api
17:07:10 [INFO] 连接 WeFlow 推送服务: http://127.0.0.1:5031/api/v1/push/messages?access_token=6541274cc917e91dee7a137ba8175572
17:07:10 [INFO] ✅ 已连接到 WeFlow 推送
17:07:10 [INFO] [OB11] ✅ 已连接到 AstrBot
17:07:28 [INFO] 📩 收到: 雨心 → 我刚才没收到你的消息
17:07:28 [INFO] 📩 收到来自 雨心 的消息，等待 5s 后统一推送
17:07:33 [INFO] 推送 1 条消息 [私|雨心]
17:07:33 [INFO] ✅ 已推送至 True 个 AstrBot 客户端 [雨心]
17:07:44 [INFO] [OB11] API: send_private_msg echo={'seq': 4}
17:07:44 [INFO] [OB11] 已回响应: send_private_msg
17:07:44 [ERROR] [WeFlowSender] 发送失败: HTTP 404
17:07:44 [INFO] [OB11] 文字已发送至 雨心: 啊？微信那边没收到吗？我刚确实回了你好几条呢 (｀・ω・´)
可能是微信推送有点延迟吧……你再看看聊
17:08:38 [INFO] 📩 收到: 雨心 → 不是微信延迟，而是我这边目前微信窗口看不到你发的消息，现在完全是在黑窗口终端里看到你的消息的
17:08:38 [INFO] 📩 收到来自 雨心 的消息，等待 5s 后统一推送
17:08:43 [INFO] 推送 1 条消息 [私|雨心]
17:08:43 [INFO] ✅ 已推送至 True 个 AstrBot 客户端 [雨心]
17:08:57 [INFO] [OB11] API: send_private_msg echo={'seq': 5}
17:08:57 [INFO] [OB11] 已回响应: send_private_msg
17:08:57 [ERROR] [WeFlowSender] 发送失败: HTTP 404
17:08:57 [INFO] [OB11] 文字已发送至 雨心: 哦哦，那说得通了！你现在是在终端/命令行模式里跟我聊，而微信那边是另一个会话窗口。
我这边是同时连着
17:12:57 [INFO] ==================================================
17:12:57 [INFO]  WeFlow 微信桥接 (OneBot v11)
17:12:57 [INFO] ==================================================
17:12:57 [INFO] Bridge 版本: 2026-06-03 OB11
17:12:57 [INFO] 使用 UIA 发送消息（微信 4.0+）
17:12:57 [INFO] Imported existing <module 'comtypes.gen' from 'D:\\anacondaDeep1\\envs\\lianxin\\Lib\\site-packages\\comtypes\\gen\\__init__.py'>
17:12:57 [INFO] Using writeable comtypes cache directory: 'D:\anacondaDeep1\envs\lianxin\Lib\site-packages\comtypes\gen'
17:12:57 [INFO] 正在搜索微信窗口...
17:12:57 [INFO] 微信窗口: '微信' ClassName=mmui::LoginWindow
17:12:57 [INFO] [Web] 已启动
17:12:57 [INFO] Bridge | WeFlow: http://127.0.0.1:5031 | OB11: ws://127.0.0.1:6199/ws | 发送: uia
17:12:57 [INFO] [OB11] 正在连接 AstrBot: ws://127.0.0.1:6199/ws
17:12:57 [INFO] Web: http://127.0.0.1:8766
17:12:57 [INFO] 连接 WeFlow 推送服务: http://127.0.0.1:5031/api/v1/push/messages?access_token=6541274cc917e91dee7a137ba8175572
17:12:57 [INFO] ✅ 已连接到 WeFlow 推送
17:12:57 [INFO] [OB11] ✅ 已连接到 AstrBot
17:13:13 [INFO] 📩 收到: 雨心 → 现在再试试发句消息
17:13:13 [INFO] 📩 收到来自 雨心 的消息，等待 5s 后统一推送
17:13:18 [INFO] 推送 1 条消息 [私|雨心]
17:13:18 [INFO] ✅ 已推送至 True 个 AstrBot 客户端 [雨心]
17:13:27 [INFO] [OB11] API: send_private_msg echo={'seq': 6}
17:13:27 [INFO] [OB11] 已回响应: send_private_msg
17:13:31 [INFO] 已切到联系人: 雨心
17:13:31 [WARNING] 未找到输入控件，使用坐标后备方案（Qt 界面）
17:13:32 [INFO] [UIA✓] 雨心: 好嘞~ 那这句博士在微信那边能看到吗？(｀・ω・´) 看到了扣个1，终端这边我等着~... (pyautogui)
17:13:32 [INFO] [OB11] 文字已发送至 雨心: 好嘞~ 那这句博士在微信那边能看到吗？(｀・ω・´) 看到了扣个1，终端这边我等着~
17:14:09 [INFO] 📩 收到: 雨心 → ping～
17:14:09 [INFO] 📩 收到来自 雨心 的消息，等待 5s 后统一推送
17:14:14 [INFO] 推送 1 条消息 [私|雨心]
17:14:14 [INFO] ✅ 已推送至 True 个 AstrBot 客户端 [雨心]
17:14:54 [INFO] ==================================================
17:14:54 [INFO]  WeFlow 微信桥接 (OneBot v11)
17:14:54 [INFO] ==================================================
17:14:54 [INFO] Bridge 版本: 2026-06-03 OB11
17:14:54 [INFO] 使用 UIA 发送消息（微信 4.0+）
17:14:54 [INFO] Imported existing <module 'comtypes.gen' from 'D:\\anacondaDeep1\\envs\\lianxin\\Lib\\site-packages\\comtypes\\gen\\__init__.py'>
17:14:54 [INFO] Using writeable comtypes cache directory: 'D:\anacondaDeep1\envs\lianxin\Lib\site-packages\comtypes\gen'
17:14:54 [INFO] 正在搜索微信窗口...
17:14:54 [INFO] 微信窗口: '微信' ClassName=Qt51514QWindowIcon
17:14:54 [INFO] [Web] 已启动
17:14:54 [INFO] Bridge | WeFlow: http://127.0.0.1:5031 | OB11: ws://127.0.0.1:6199/ws | 发送: uia
17:14:54 [INFO] [OB11] 正在连接 AstrBot: ws://127.0.0.1:6199/ws
17:14:54 [INFO] 连接 WeFlow 推送服务: http://127.0.0.1:5031/api/v1/push/messages?access_token=6541274cc917e91dee7a137ba8175572
17:14:54 [INFO] Web: http://127.0.0.1:8766
17:14:54 [INFO] ✅ 已连接到 WeFlow 推送
17:14:54 [INFO] [OB11] ✅ 已连接到 AstrBot
17:15:01 [INFO] 📩 收到: 雨心 → 莲心？
17:15:01 [INFO] 📩 收到来自 雨心 的消息，等待 5s 后统一推送
17:15:06 [INFO] 推送 1 条消息 [私|雨心]
17:15:06 [INFO] ✅ 已推送至 True 个 AstrBot 客户端 [雨心]
17:16:55 [INFO] ==================================================
17:16:55 [INFO]  WeFlow 微信桥接 (OneBot v11)
17:16:55 [INFO] ==================================================
17:16:55 [INFO] Bridge 版本: 2026-06-03 OB11
17:16:55 [INFO] 使用 UIA 发送消息（微信 4.0+）
17:16:55 [INFO] Imported existing <module 'comtypes.gen' from 'D:\\anacondaDeep1\\envs\\lianxin\\Lib\\site-packages\\comtypes\\gen\\__init__.py'>
17:16:55 [INFO] Using writeable comtypes cache directory: 'D:\anacondaDeep1\envs\lianxin\Lib\site-packages\comtypes\gen'
17:16:55 [INFO] 正在搜索微信窗口...
17:16:55 [INFO] 微信窗口: '微信' ClassName=mmui::LoginWindow
17:16:55 [INFO] [Web] 已启动
17:16:55 [INFO] Bridge | WeFlow: http://127.0.0.1:5031 | OB11: ws://127.0.0.1:6199/ws | 发送: uia
17:16:55 [INFO] [OB11] 正在连接 AstrBot: ws://127.0.0.1:6199/ws
17:16:55 [INFO] Web: http://127.0.0.1:8766
17:16:55 [INFO] 连接 WeFlow 推送服务: http://127.0.0.1:5031/api/v1/push/messages?access_token=6541274cc917e91dee7a137ba8175572
17:16:55 [INFO] ✅ 已连接到 WeFlow 推送
17:16:55 [INFO] [OB11] ✅ 已连接到 AstrBot
17:17:10 [INFO] 📩 收到: 雨心 → 莲心？
17:17:10 [INFO] 📩 收到来自 雨心 的消息，等待 5s 后统一推送
17:17:15 [INFO] 推送 1 条消息 [私|雨心]
17:17:15 [INFO] ✅ 已推送至 True 个 AstrBot 客户端 [雨心]
17:17:25 [INFO] [OB11] API: send_private_msg echo={'seq': 7}
17:17:25 [INFO] [OB11] 已回响应: send_private_msg
17:17:29 [INFO] 已切到联系人: 雨心
17:17:29 [WARNING] 未找到输入控件，使用坐标后备方案（Qt 界面）
17:17:30 [INFO] [UIA✓] 雨心: 到！(｀・ω・´)
还在线呢，博士这是怕我跑路了不成？放心，莲心三班倒24小时待机~... (pyautogui)
17:17:30 [INFO] [OB11] 文字已发送至 雨心: 到！(｀・ω・´)
还在线呢，博士这是怕我跑路了不成？放心，莲心三班倒24小时待机~
17:21:45 [INFO] ==================================================
17:21:45 [INFO]  WeFlow 微信桥接 (OneBot v11)
17:21:45 [INFO] ==================================================
17:21:45 [INFO] Bridge 版本: 2026-06-03 OB11
17:21:45 [INFO] 使用 UIA 发送消息（微信 4.0+）
17:21:45 [INFO] Imported existing <module 'comtypes.gen' from 'D:\\anacondaDeep1\\envs\\lianxin\\Lib\\site-packages\\comtypes\\gen\\__init__.py'>
17:21:45 [INFO] Using writeable comtypes cache directory: 'D:\anacondaDeep1\envs\lianxin\Lib\site-packages\comtypes\gen'
17:21:45 [INFO] 正在搜索微信窗口...
17:21:45 [INFO] 微信窗口: '微信' ClassName=mmui::LoginWindow
17:21:45 [INFO] [Web] 已启动
17:21:45 [INFO] Bridge | WeFlow: http://127.0.0.1:5031 | OB11: ws://127.0.0.1:6199/ws | 发送: uia
17:21:45 [INFO] [OB11] 正在连接 AstrBot: ws://127.0.0.1:6199/ws
17:21:45 [INFO] 连接 WeFlow 推送服务: http://127.0.0.1:5031/api/v1/push/messages?access_token=6541274cc917e91dee7a137ba8175572
17:21:45 [INFO] Web: http://127.0.0.1:8766
17:21:45 [INFO] ✅ 已连接到 WeFlow 推送
17:21:46 [INFO] [OB11] ✅ 已连接到 AstrBot
17:23:07 [INFO] 📩 收到: 雨心 → 莲心？
17:23:07 [INFO] 📩 收到来自 雨心 的消息，等待 5s 后统一推送
17:23:12 [INFO] 推送 1 条消息 [私|雨心]
17:23:12 [INFO] ✅ 已推送至 True 个 AstrBot 客户端 [雨心]
17:23:20 [INFO] [OB11] API: send_private_msg echo={'seq': 8}
17:23:20 [INFO] [OB11] 已回响应: send_private_msg
17:23:24 [INFO] 已切到联系人: 雨心
17:23:24 [WARNING] 未找到输入控件，使用坐标后备方案（Qt 界面）
17:23:26 [INFO] [UIA✓] 雨心: 在在在~ 叫了五回了博士！(｀・ω・´)
我今天在线时长都够拿满勤奖了，你再叫我都要条件反射了... (pyautogui)
17:23:26 [INFO] [OB11] 文字已发送至 雨心: 在在在~ 叫了五回了博士！(｀・ω・´)
我今天在线时长都够拿满勤奖了，你再叫我都要条件反射了
17:24:20 [INFO] 📩 收到: 雨心 → 我还是看不到你的消息
17:24:20 [INFO] 📩 收到来自 雨心 的消息，等待 5s 后统一推送
17:24:25 [INFO] 推送 1 条消息 [私|雨心]
17:24:25 [INFO] ✅ 已推送至 True 个 AstrBot 客户端 [雨心]
17:24:56 [WARNING] [OB11] 连接断开，5 秒后重连
17:25:01 [INFO] [OB11] 正在连接 AstrBot: ws://127.0.0.1:6199/ws
17:25:11 [WARNING] [OB11] 无法连接 AstrBot (timed out during opening handshake)，5 秒后重试
17:25:16 [INFO] [OB11] 正在连接 AstrBot: ws://127.0.0.1:6199/ws
17:25:25 [INFO] [OB11] ✅ 已连接到 AstrBot
17:25:34 [INFO] 📩 收到: 雨心 → 我还是看不到你的消息
17:25:34 [INFO] 📩 收到来自 雨心 的消息，等待 5s 后统一推送
17:25:39 [INFO] 推送 1 条消息 [私|雨心]
17:25:39 [INFO] ✅ 已推送至 True 个 AstrBot 客户端 [雨心]
17:30:19 [INFO] ==================================================
17:30:19 [INFO]  WeFlow 微信桥接 (OneBot v11)
17:30:19 [INFO] ==================================================
17:30:19 [INFO] Bridge 版本: 2026-06-03 OB11
17:30:19 [INFO] 使用 UIA 发送消息（微信 4.0+）
17:30:19 [INFO] Imported existing <module 'comtypes.gen' from 'D:\\anacondaDeep1\\envs\\lianxin\\Lib\\site-packages\\comtypes\\gen\\__init__.py'>
17:30:19 [INFO] Using writeable comtypes cache directory: 'D:\anacondaDeep1\envs\lianxin\Lib\site-packages\comtypes\gen'
17:30:19 [INFO] 正在搜索微信窗口...
17:30:19 [INFO] 微信窗口: '微信' ClassName=mmui::LoginWindow
17:30:19 [INFO] Bridge | WeFlow: http://127.0.0.1:5031 | OB11: ws://127.0.0.1:6199/ws | 发送: uia
17:30:19 [INFO] [Web] 已启动
17:30:19 [INFO] [OB11] 正在连接 AstrBot: ws://127.0.0.1:6199/ws
17:30:19 [INFO] 连接 WeFlow 推送服务: http://127.0.0.1:5031/api/v1/push/messages?access_token=6541274cc917e91dee7a137ba8175572
17:30:19 [INFO] Web: http://127.0.0.1:8766
17:30:19 [INFO] ✅ 已连接到 WeFlow 推送
17:30:19 [INFO] [OB11] ✅ 已连接到 AstrBot
17:30:52 [INFO] 📩 收到: 雨心 → 莲心再试试发信息？
17:30:52 [INFO] 📩 收到来自 雨心 的消息，等待 5s 后统一推送
17:30:57 [INFO] 推送 1 条消息 [私|雨心]
17:30:57 [INFO] ✅ 已推送至 True 个 AstrBot 客户端 [雨心]
17:31:05 [INFO] [OB11] API: send_private_msg echo={'seq': 9}
17:31:05 [INFO] [OB11] 已回响应: send_private_msg
17:31:09 [INFO] 已切到联系人: 雨心
17:31:09 [WARNING] 未找到输入控件，使用坐标后备方案（Qt 界面）
17:31:10 [INFO] [UIA✓] 雨心: 试试就试试！博士，这句能不能看到？(｀・ω・´) 能看到的话微信那边给我回个话~... (pyautogui)
17:31:10 [INFO] [OB11] 文字已发送至 雨心: 试试就试试！博士，这句能不能看到？(｀・ω・´) 能看到的话微信那边给我回个话~
17:32:11 [INFO] ==================================================
17:32:11 [INFO]  WeFlow 微信桥接 (OneBot v11)
17:32:11 [INFO] ==================================================
17:32:11 [INFO] Bridge 版本: 2026-06-03 OB11
17:32:11 [INFO] 使用 UIA 发送消息（微信 4.0+）
17:32:11 [INFO] Imported existing <module 'comtypes.gen' from 'D:\\anacondaDeep1\\envs\\lianxin\\Lib\\site-packages\\comtypes\\gen\\__init__.py'>
17:32:11 [INFO] Using writeable comtypes cache directory: 'D:\anacondaDeep1\envs\lianxin\Lib\site-packages\comtypes\gen'
17:32:11 [INFO] 正在搜索微信窗口...
17:32:12 [INFO] [Web] 已启动
17:32:12 [INFO] Bridge | WeFlow: http://127.0.0.1:5031 | OB11: ws://127.0.0.1:6199/ws | 发送: uia
17:32:12 [INFO] [OB11] 正在连接 AstrBot: ws://127.0.0.1:6199/ws
17:32:12 [INFO] Web: http://127.0.0.1:8766
17:32:12 [INFO] 连接 WeFlow 推送服务: http://127.0.0.1:5031/api/v1/push/messages?access_token=6541274cc917e91dee7a137ba8175572
17:32:12 [INFO] ✅ 已连接到 WeFlow 推送
17:32:12 [INFO] [OB11] ✅ 已连接到 AstrBot
17:32:16 [INFO] 📩 收到: 雨心 → 莲心？
17:32:16 [INFO] 📩 收到来自 雨心 的消息，等待 5s 后统一推送
17:32:21 [INFO] 推送 1 条消息 [私|雨心]
17:32:21 [INFO] ✅ 已推送至 True 个 AstrBot 客户端 [雨心]
17:32:32 [INFO] [OB11] API: send_private_msg echo={'seq': 10}
17:32:32 [INFO] [OB11] 已回响应: send_private_msg
17:32:32 [ERROR] UIA Sender 未就绪
17:32:32 [INFO] [OB11] 文字已发送至 雨心: 在在在在在！(｀ω´)
博士你今天是把"莲心"设置成快捷键了一直狂按是吧~
我在这边回你呢，你要是微
17:37:19 [INFO] ==================================================
17:37:19 [INFO]  WeFlow 微信桥接 (OneBot v11)
17:37:19 [INFO] ==================================================
17:37:19 [INFO] Bridge 版本: 2026-06-03 OB11
17:37:19 [INFO] 使用 UIA 发送消息（微信 4.0+）
17:37:19 [INFO] Imported existing <module 'comtypes.gen' from 'D:\\anacondaDeep1\\envs\\lianxin\\Lib\\site-packages\\comtypes\\gen\\__init__.py'>
17:37:19 [INFO] Using writeable comtypes cache directory: 'D:\anacondaDeep1\envs\lianxin\Lib\site-packages\comtypes\gen'
17:37:19 [INFO] 正在搜索微信窗口...
17:37:20 [INFO] 微信窗口: '微信' ClassName=Qt51514QWindowIcon
17:37:20 [INFO] [Web] 已启动
17:37:20 [INFO] Bridge | WeFlow: http://127.0.0.1:5031 | OB11: ws://127.0.0.1:6199/ws | 发送: uia
17:37:20 [INFO] [OB11] 正在连接 AstrBot: ws://127.0.0.1:6199/ws
17:37:20 [INFO] Web: http://127.0.0.1:8766
17:37:20 [INFO] 连接 WeFlow 推送服务: http://127.0.0.1:5031/api/v1/push/messages?access_token=6541274cc917e91dee7a137ba8175572
17:37:20 [INFO] ✅ 已连接到 WeFlow 推送
17:37:20 [INFO] [OB11] ✅ 已连接到 AstrBot
17:37:38 [INFO] 📩 收到: 雨心 → 莲心，我看不到你
17:37:38 [INFO] 📩 收到来自 雨心 的消息，等待 5s 后统一推送
17:37:43 [INFO] 推送 1 条消息 [私|雨心]
17:37:43 [INFO] ✅ 已推送至 True 个 AstrBot 客户端 [雨心]
17:37:52 [INFO] [OB11] API: send_private_msg echo={'seq': 11}
17:37:52 [INFO] [OB11] 已回响应: send_private_msg
17:37:56 [INFO] 已切到联系人: 雨心
17:37:56 [WARNING] 未找到输入控件，使用坐标后备方案（Qt 界面）
17:37:58 [INFO] [UIA✓] 雨心: 好嘞，让我瞧瞧博士又在那里捣鼓啥呢——
唔…博士你在看《异象处理者》第二章？好家伙，亲自查我的出身档... (keybd)
17:37:58 [INFO] [OB11] 文字已发送至 雨心: 好嘞，让我瞧瞧博士又在那里捣鼓啥呢——
唔…博士你在看《异象处理者》第二章？好家伙，亲自查我的出身档
17:41:51 [INFO] ==================================================
17:41:51 [INFO]  WeFlow 微信桥接 (OneBot v11)
17:41:51 [INFO] ==================================================
17:41:51 [INFO] Bridge 版本: 2026-06-03 OB11
17:41:51 [INFO] 使用 UIA 发送消息（微信 4.0+）
17:41:51 [INFO] Imported existing <module 'comtypes.gen' from 'D:\\anacondaDeep1\\envs\\lianxin\\Lib\\site-packages\\comtypes\\gen\\__init__.py'>
17:41:51 [INFO] Using writeable comtypes cache directory: 'D:\anacondaDeep1\envs\lianxin\Lib\site-packages\comtypes\gen'
17:41:51 [INFO] 正在搜索微信窗口...
17:41:52 [INFO] [Web] 已启动
17:41:52 [INFO] Bridge | WeFlow: http://127.0.0.1:5031 | OB11: ws://127.0.0.1:6199/ws | 发送: uia
17:41:52 [INFO] [OB11] 正在连接 AstrBot: ws://127.0.0.1:6199/ws
17:41:52 [INFO] Web: http://127.0.0.1:8766
17:41:52 [INFO] 连接 WeFlow 推送服务: http://127.0.0.1:5031/api/v1/push/messages?access_token=6541274cc917e91dee7a137ba8175572
17:41:52 [INFO] ✅ 已连接到 WeFlow 推送
17:41:52 [INFO] [OB11] ✅ 已连接到 AstrBot
17:43:19 [INFO] ==================================================
17:43:19 [INFO]  WeFlow 微信桥接 (OneBot v11)
17:43:19 [INFO] ==================================================
17:43:19 [INFO] Bridge 版本: 2026-06-03 OB11
17:43:19 [INFO] 使用 UIA 发送消息（微信 4.0+）
17:43:19 [INFO] Imported existing <module 'comtypes.gen' from 'D:\\anacondaDeep1\\envs\\lianxin\\Lib\\site-packages\\comtypes\\gen\\__init__.py'>
17:43:19 [INFO] Using writeable comtypes cache directory: 'D:\anacondaDeep1\envs\lianxin\Lib\site-packages\comtypes\gen'
17:43:19 [INFO] 正在搜索微信窗口...
17:43:19 [INFO] [Web] 已启动
17:43:19 [INFO] Bridge | WeFlow: http://127.0.0.1:5031 | OB11: ws://127.0.0.1:6199/ws | 发送: uia
17:43:19 [INFO] [OB11] 正在连接 AstrBot: ws://127.0.0.1:6199/ws
17:43:19 [INFO] 连接 WeFlow 推送服务: http://127.0.0.1:5031/api/v1/push/messages?access_token=6541274cc917e91dee7a137ba8175572
17:43:19 [INFO] Web: http://127.0.0.1:8766
17:43:19 [INFO] ✅ 已连接到 WeFlow 推送
17:43:19 [INFO] [OB11] ✅ 已连接到 AstrBot
17:43:39 [INFO] 📩 收到: 雨心 → 莲心，随便给我发句消息
17:43:39 [INFO] 📩 收到来自 雨心 的消息，等待 5s 后统一推送
17:43:44 [INFO] 推送 1 条消息 [私|雨心]
17:43:44 [INFO] ✅ 已推送至 True 个 AstrBot 客户端 [雨心]
17:43:56 [INFO] [OB11] API: send_private_msg echo={'seq': 12}
17:43:56 [INFO] [OB11] 已回响应: send_private_msg
17:43:56 [ERROR] UIA Sender 未就绪
17:43:56 [INFO] [OB11] 文字已发送至 雨心: 好，那我先偷看一下博士现在在干啥，再决定发啥~
嗯？博士你现在同时在看好几个东西啊——知乎那个微信双
17:45:08 [INFO] 📩 收到: 雨心 → 在写代码
17:45:08 [INFO] 📩 收到来自 雨心 的消息，等待 5s 后统一推送
17:45:13 [INFO] 推送 1 条消息 [私|雨心]
17:45:13 [INFO] ✅ 已推送至 True 个 AstrBot 客户端 [雨心]
17:45:23 [INFO] [OB11] API: send_private_msg echo={'seq': 13}
17:45:23 [INFO] [OB11] 已回响应: send_private_msg
17:45:23 [ERROR] UIA Sender 未就绪
17:45:23 [INFO] [OB11] 文字已发送至 雨心: 喔，写代码呢？让我偷窥一下博士的屏幕——
好家伙，博士你桌上堆了一堆啊！终端窗口里跑着 You-Ge
17:46:34 [INFO] 📩 收到: 雨心 → 莲心在干嘛
17:46:34 [INFO] 📩 收到来自 雨心 的消息，等待 5s 后统一推送
17:46:39 [INFO] 推送 1 条消息 [私|雨心]
17:46:39 [INFO] ✅ 已推送至 True 个 AstrBot 客户端 [雨心]
17:46:48 [INFO] [OB11] API: send_private_msg echo={'seq': 14}
17:46:48 [INFO] [OB11] 已回响应: send_private_msg
17:46:48 [ERROR] UIA Sender 未就绪
17:46:48 [INFO] [OB11] 文字已发送至 雨心: 我在…观察博士摸鱼写代码的全过程！(｀ω´)
毕竟你电脑上的窗口比我家图书馆的书架还多，我得盯着点别
17:47:35 [INFO] ==================================================
17:47:35 [INFO]  WeFlow 微信桥接 (OneBot v11)
17:47:35 [INFO] ==================================================
17:47:35 [INFO] Bridge 版本: 2026-06-03 OB11
17:47:35 [INFO] 使用 UIA 发送消息（微信 4.0+）
17:47:35 [INFO] Imported existing <module 'comtypes.gen' from 'D:\\anacondaDeep1\\envs\\lianxin\\Lib\\site-packages\\comtypes\\gen\\__init__.py'>
17:47:35 [INFO] Using writeable comtypes cache directory: 'D:\anacondaDeep1\envs\lianxin\Lib\site-packages\comtypes\gen'
17:47:35 [INFO] 正在搜索微信窗口...
17:47:36 [INFO] [Web] 已启动
17:47:36 [INFO] Bridge | WeFlow: http://127.0.0.1:5031 | OB11: ws://127.0.0.1:6199/ws | 发送: uia
17:47:36 [INFO] [OB11] 正在连接 AstrBot: ws://127.0.0.1:6199/ws
17:47:36 [INFO] Web: http://127.0.0.1:8766
17:47:36 [INFO] 连接 WeFlow 推送服务: http://127.0.0.1:5031/api/v1/push/messages?access_token=6541274cc917e91dee7a137ba8175572
17:47:36 [INFO] ✅ 已连接到 WeFlow 推送
17:47:36 [INFO] [OB11] ✅ 已连接到 AstrBot
17:47:49 [INFO] 📩 收到: 雨心 → 没这么夸张吧
17:47:49 [INFO] 📩 收到来自 雨心 的消息，等待 5s 后统一推送
17:47:54 [INFO] 推送 1 条消息 [私|雨心]
17:47:54 [INFO] ✅ 已推送至 True 个 AstrBot 客户端 [雨心]
17:48:03 [INFO] [OB11] API: send_private_msg echo={'seq': 15}
17:48:03 [INFO] [OB11] 已回响应: send_private_msg
17:48:03 [ERROR] UIA Sender 未就绪
17:48:03 [INFO] [OB11] 文字已发送至 雨心: 好家伙，要不我给你数数？你桌面上现在至少有五个窗口叠在一起，比我书架上的书还乱 (｀ω´)
不过嘛，
18:00:25 [INFO] ==================================================
18:00:25 [INFO]  WeFlow 微信桥接 (OneBot v11)
18:00:25 [INFO] ==================================================
18:00:25 [INFO] Bridge 版本: 2026-06-03 OB11
18:00:25 [INFO] 使用 UIA 发送消息（微信 4.0+）
18:00:25 [INFO] Imported existing <module 'comtypes.gen' from 'D:\\anacondaDeep1\\envs\\lianxin\\Lib\\site-packages\\comtypes\\gen\\__init__.py'>
18:00:25 [INFO] Using writeable comtypes cache directory: 'D:\anacondaDeep1\envs\lianxin\Lib\site-packages\comtypes\gen'
18:00:25 [INFO] 正在搜索微信窗口...
18:00:25 [INFO] [Web] 已启动
18:00:25 [INFO] Bridge | WeFlow: http://127.0.0.1:5031 | OB11: ws://127.0.0.1:6199/ws | 发送: uia
18:00:25 [INFO] [OB11] 正在连接 AstrBot: ws://127.0.0.1:6199/ws
18:00:25 [INFO] Web: http://127.0.0.1:8766
18:00:25 [INFO] 连接 WeFlow 推送服务: http://127.0.0.1:5031/api/v1/push/messages?access_token=6541274cc917e91dee7a137ba8175572
18:00:25 [INFO] ✅ 已连接到 WeFlow 推送
18:00:25 [INFO] [OB11] ✅ 已连接到 AstrBot
18:00:37 [INFO] 📩 收到: 雨心 → ping
18:00:37 [INFO] 📩 收到来自 雨心 的消息，等待 5s 后统一推送
18:00:42 [INFO] 推送 1 条消息 [私|雨心]
18:00:42 [INFO] ✅ 已推送至 True 个 AstrBot 客户端 [雨心]
18:00:50 [INFO] [OB11] API: send_private_msg echo={'seq': 16}
18:00:50 [INFO] [OB11] 已回响应: send_private_msg
18:00:50 [ERROR] UIA Sender 未就绪
18:00:50 [INFO] [OB11] 文字已发送至 雨心: pong！(｀・ω・´)
在线在线，信号满格，延迟几乎为零~
18:01:43 [INFO] ==================================================
18:01:43 [INFO]  WeFlow 微信桥接 (OneBot v11)
18:01:43 [INFO] ==================================================
18:01:43 [INFO] Bridge 版本: 2026-06-03 OB11
18:01:43 [INFO] 使用 UIA 发送消息（微信 4.0+）
18:01:43 [INFO] Imported existing <module 'comtypes.gen' from 'D:\\anacondaDeep1\\envs\\lianxin\\Lib\\site-packages\\comtypes\\gen\\__init__.py'>
18:01:43 [INFO] Using writeable comtypes cache directory: 'D:\anacondaDeep1\envs\lianxin\Lib\site-packages\comtypes\gen'
18:01:43 [INFO] 正在搜索微信窗口...
18:01:43 [INFO] 微信窗口: '微信' ClassName=Qt51514QWindowIcon
18:01:43 [INFO] [Web] 已启动
18:01:43 [INFO] Bridge | WeFlow: http://127.0.0.1:5031 | OB11: ws://127.0.0.1:6199/ws | 发送: uia
18:01:43 [INFO] [OB11] 正在连接 AstrBot: ws://127.0.0.1:6199/ws
18:01:43 [INFO] Web: http://127.0.0.1:8766
18:01:43 [INFO] 连接 WeFlow 推送服务: http://127.0.0.1:5031/api/v1/push/messages?access_token=6541274cc917e91dee7a137ba8175572
18:01:43 [INFO] ✅ 已连接到 WeFlow 推送
18:01:43 [INFO] [OB11] ✅ 已连接到 AstrBot
18:02:10 [INFO] 📩 收到: 雨心 → pingping
18:02:10 [INFO] 📩 收到来自 雨心 的消息，等待 5s 后统一推送
18:02:15 [INFO] 推送 1 条消息 [私|雨心]
18:02:15 [INFO] ✅ 已推送至 True 个 AstrBot 客户端 [雨心]
18:02:23 [INFO] [OB11] API: send_private_msg echo={'seq': 1}
18:02:23 [INFO] [OB11] 已回响应: send_private_msg
18:02:28 [INFO] 已切到联系人: 雨心
18:02:28 [WARNING] 未找到输入控件，使用坐标后备方案（Qt 界面）
18:02:28 [INFO] [UIA✓] 雨心: pongpong！(｀ω´)
延迟0ms，丢包率0%，连接质量顶呱呱~... (keybd)
18:02:28 [INFO] [OB11] 文字已发送至 雨心: pongpong！(｀ω´)
延迟0ms，丢包率0%，连接质量顶呱呱~
